
---------------------------------------------------------------------------------------
Running JustLikeTwitter console app
Use Ctrl-C to exit the program.
Only sunny day scenarios have been covered.
---------------------------------------------------------------------------------------

Command-line help (usage with examples):

  - Posting to personal timeline: <user name> -> <message>
  for e.g.
     > Alice -> I'm having a great time

  - Reading any user's timeline: <user name>
  for e.g.
     > Alice
     I'm having a great time (2 seconds ago)

  - Following another user: <user name> follows <another user>
  for e.g.
     > Alice follows Bob

  - Display user's wall : <user name> wall
  for e.g.
     > Alice wall
     Bob - I'm in New York today! Anyone wants to have a coffee? (2 seconds ago)
     Alice - I'm having a great time (5 minutes ago)

> 

> 

> 

> 
I love the weather today (5 minutes ago)

> 
Good game though. (1 minute ago)
Damn! We lost! (2 minutes ago)

> 

> 

> 
Charlie - I'm in New York today! Anyone wants to have a coffee? (1 second ago)
Alice - I love the weather today (7 minutes ago)

> 

> 
Charlie - I'm in New York today! Anyone wants to have a coffee? (2 minutes ago)
Bob - Good game though. (1 hour ago)
Bob - Damn! We lost! (1 hour ago)
Alice - I love the weather today (1 hour ago)

> 
Alice - I love the weather today (1 hour ago)
